  console.warn
    SafeAreaView has been deprecated and will be removed in a future release. Please use 'react-native-safe-area-context' instead. See https://github.com/AppAndFlow/react-native-safe-area-context

      34 |             style={styles.gradientContainer}
      35 |         >
    > 36 |             <SafeAreaView style={styles.safeArea}>
         |              ^
      37 |                 <ScrollView
      38 |                     contentContainerStyle={[
      39 |                         styles.scrollContent,

      at warn (node_modules/react-native/Libraries/Utilities/warnOnce.js:27:11)
      at Object.warnOnce [as SafeAreaView] (node_modules/react-native/index.js:98:5)
      at SafeAreaView (src/presentation/screens/Login/LoginScreen.tsx:36:14)
      at Object.react_stack_bottom_frame (node_modules/react-test-renderer/cjs/react-test-renderer.development.js:15670:20)
      at renderWithHooks (node_modules/react-test-renderer/cjs/react-test-renderer.development.js:4863:22)
      at updateFunctionComponent (node_modules/react-test-renderer/cjs/react-test-renderer.development.js:7018:19)
      at beginWork (node_modules/react-test-renderer/cjs/react-test-renderer.development.js:8499:18)
      at runWithFiberInDEV (node_modules/react-test-renderer/cjs/react-test-renderer.development.js:2315:13)
      at performUnitOfWork (node_modules/react-test-renderer/cjs/react-test-renderer.development.js:13224:22)
      at workLoopSync (node_modules/react-test-renderer/cjs/react-test-renderer.development.js:13068:41)
      at renderRootSync (node_modules/react-test-renderer/cjs/react-test-renderer.development.js:13049:11)
      at performWorkOnRoot (node_modules/react-test-renderer/cjs/react-test-renderer.development.js:12181:11)
      at performWorkOnRootViaSchedulerTask (node_modules/react-test-renderer/cjs/react-test-renderer.development.js:2908:7)
      at flushActQueue (node_modules/react/cjs/react.development.js:590:34)
      at Object.<anonymous>.process.env.NODE_ENV.exports.act (node_modules/react/cjs/react.development.js:884:10)
      at Object.act (tests/App.test.tsx:10:27)
      at asyncGeneratorStep (node_modules/@babel/runtime/helpers/asyncToGenerator.js:3:17)
      at _next (node_modules/@babel/runtime/helpers/asyncToGenerator.js:17:9)
      at node_modules/@babel/runtime/helpers/asyncToGenerator.js:22:7
      at Object.<anonymous> (node_modules/@babel/runtime/helpers/asyncToGenerator.js:14:12)

FAIL tests/App.test.tsx
  ✕ renders correctly (137 ms)

  ● renders correctly

    Cannot find module '../../../../../assets/image/hust-logo.png' from 'src/presentation/screens/Login/LoginScreen.tsx'

      55 |                         >
      56 |                             <Image
    > 57 |                                 source={require('../../../../../assets/image/hust-logo.png')}
         |                                         ^
      58 |                                 style={[
      59 |                                     styles.logo,
      60 |                                     isLandscape && styles.logoLandscape,

      at Resolver._throwModNotFoundError (node_modules/jest-resolve/build/resolver.js:427:11)
      at require (src/presentation/screens/Login/LoginScreen.tsx:57:41)
      at Object.react_stack_bottom_frame (node_modules/react-test-renderer/cjs/react-test-renderer.development.js:15670:20)
      at renderWithHooks (node_modules/react-test-renderer/cjs/react-test-renderer.development.js:4863:22)
      at updateFunctionComponent (node_modules/react-test-renderer/cjs/react-test-renderer.development.js:7018:19)
      at beginWork (node_modules/react-test-renderer/cjs/react-test-renderer.development.js:8499:18)
      at runWithFiberInDEV (node_modules/react-test-renderer/cjs/react-test-renderer.development.js:2315:13)
      at performUnitOfWork (node_modules/react-test-renderer/cjs/react-test-renderer.development.js:13224:22)
      at workLoopSync (node_modules/react-test-renderer/cjs/react-test-renderer.development.js:13068:41)
      at renderRootSync (node_modules/react-test-renderer/cjs/react-test-renderer.development.js:13049:11)
      at performWorkOnRoot (node_modules/react-test-renderer/cjs/react-test-renderer.development.js:12253:39)
      at performWorkOnRootViaSchedulerTask (node_modules/react-test-renderer/cjs/react-test-renderer.development.js:2908:7)
      at flushActQueue (node_modules/react/cjs/react.development.js:590:34)
      at Object.<anonymous>.process.env.NODE_ENV.exports.act (node_modules/react/cjs/react.development.js:884:10)
      at Object.act (tests/App.test.tsx:10:27)
      at asyncGeneratorStep (node_modules/@babel/runtime/helpers/asyncToGenerator.js:3:17)
      at _next (node_modules/@babel/runtime/helpers/asyncToGenerator.js:17:9)
      at node_modules/@babel/runtime/helpers/asyncToGenerator.js:22:7
      at Object.<anonymous> (node_modules/@babel/runtime/helpers/asyncToGenerator.js:14:12)

Test Suites: 1 failed, 1 total
Tests:       1 failed, 1 total
Snapshots:   0 total
Time:        0.331 s, estimated 3 s
Ran all test suites matching /tests\/App.test.tsx/i.
